
> start
> tsc && node assistant.js

[2026-02-04T10:01:20.883Z] Started on http://localhost:3000
